[2026-01-16 13:41:31] Telegram update received: update_id=693321821
[2026-01-16 13:41:31] ======================================================================
[2026-01-16 13:41:31] NEW VOICE MESSAGE
[2026-01-16 13:41:31]   From: Aryan (chat_id: 6656158175)
[2026-01-16 13:41:31] ======================================================================
[2026-01-16 13:41:33] [STEP 1/5] Downloading audio...
[2026-01-16 13:41:35]            Audio saved to: temp/telegram_input.ogg
[2026-01-16 13:41:35] [STEP 2/5] Transcribing with Whisper...
[2026-01-16 13:42:08] ----------------------------------------------------------------------
[2026-01-16 13:42:08] TRANSCRIPTION RESULT
[2026-01-16 13:42:08]   Language: hi
[2026-01-16 13:42:08]   Text: अब विश्ट पर गेहू नगाया था और अब मैं दालू गाना चाथा हूं तो मुझे प्रटलाइजर ड़ने की जो रहा था अपने फेल बें और अगर मैं भिहार में रहता हूं तो क्या मेरी चमीन दालू गाने के लिए उपचाओ है भी की नहीं
[2026-01-16 13:42:08] ----------------------------------------------------------------------
[2026-01-16 13:42:08] [STEP 3/5] Getting Gemini response...
[2026-01-16 13:42:10] [ERROR] Gemini: 503 UNAVAILABLE. {'error': {'code': 503, 'message': 'The model is overloaded. Please try again later.', 'status': 'UNAVAILABLE'}}
[2026-01-16 13:42:10] [ERROR] Gemini Error: 503 UNAVAILABLE. {'error': {'code': 503, 'message': 'The model is overloaded. Please try again later.', 'status': 'UNAVAILABLE'}}
[2026-01-16 13:42:10] Traceback (most recent call last):
  File "C:\Users\Aryan\Desktop\kissanSathi\kisan-voice-bot\app\services\gemini_llm.py", line 80, in get_gemini_response
    response = await client.aio.models.generate_content(
               ^^^^^^^^^^^^^^^^^^^^^^^^^^^^^^^^^^^^^^^^^
  File "C:\Users\Aryan\Desktop\kissanSathi\kisan-voice-bot\.venv\Lib\site-packages\google\genai\models.py", line 7030, in generate_content
    response = await self._generate_content(
               ^^^^^^^^^^^^^^^^^^^^^^^^^^^^^
  File "C:\Users\Aryan\Desktop\kissanSathi\kisan-voice-bot\.venv\Lib\site-packages\google\genai\models.py", line 5836, in _generate_content
    response = await self._api_client.async_request(
               ^^^^^^^^^^^^^^^^^^^^^^^^^^^^^^^^^^^^^
  File "C:\Users\Aryan\Desktop\kissanSathi\kisan-voice-bot\.venv\Lib\site-packages\google\genai\_api_client.py", line 1421, in async_request
    result = await self._async_request(
             ^^^^^^^^^^^^^^^^^^^^^^^^^^
  File "C:\Users\Aryan\Desktop\kissanSathi\kisan-voice-bot\.venv\Lib\site-packages\google\genai\_api_client.py", line 1354, in _async_request
    return await self._async_retry(  # type: ignore[no-any-return]
           ^^^^^^^^^^^^^^^^^^^^^^^^^^^^^^^^^^^^^^^^^^^^^^^^^^^^^^^
  File "C:\Users\Aryan\Desktop\kissanSathi\kisan-voice-bot\.venv\Lib\site-packages\tenacity\asyncio\__init__.py", line 111, in __call__
    do = await self.iter(retry_state=retry_state)
         ^^^^^^^^^^^^^^^^^^^^^^^^^^^^^^^^^^^^^^^^
  File "C:\Users\Aryan\Desktop\kissanSathi\kisan-voice-bot\.venv\Lib\site-packages\tenacity\asyncio\__init__.py", line 153, in iter
    result = await action(retry_state)
             ^^^^^^^^^^^^^^^^^^^^^^^^^
  File "C:\Users\Aryan\Desktop\kissanSathi\kisan-voice-bot\.venv\Lib\site-packages\tenacity\_utils.py", line 99, in inner
    return call(*args, **kwargs)
           ^^^^^^^^^^^^^^^^^^^^^
  File "C:\Users\Aryan\Desktop\kissanSathi\kisan-voice-bot\.venv\Lib\site-packages\tenacity\__init__.py", line 420, in exc_check
    raise retry_exc.reraise()
          ^^^^^^^^^^^^^^^^^^^
  File "C:\Users\Aryan\Desktop\kissanSathi\kisan-voice-bot\.venv\Lib\site-packages\tenacity\__init__.py", line 187, in reraise
    raise self.last_attempt.result()
          ^^^^^^^^^^^^^^^^^^^^^^^^^^
  File "C:\Users\Aryan\AppData\Roaming\uv\python\cpython-3.11.14-windows-x86_64-none\Lib\concurrent\futures\_base.py", line 449, in result
    return self.__get_result()
           ^^^^^^^^^^^^^^^^^^^
  File "C:\Users\Aryan\AppData\Roaming\uv\python\cpython-3.11.14-windows-x86_64-none\Lib\concurrent\futures\_base.py", line 401, in __get_result
    raise self._exception
  File "C:\Users\Aryan\Desktop\kissanSathi\kisan-voice-bot\.venv\Lib\site-packages\tenacity\asyncio\__init__.py", line 114, in __call__
    result = await fn(*args, **kwargs)
             ^^^^^^^^^^^^^^^^^^^^^^^^^
  File "C:\Users\Aryan\Desktop\kissanSathi\kisan-voice-bot\.venv\Lib\site-packages\google\genai\_api_client.py", line 1299, in _async_request_once
    await errors.APIError.raise_for_async_response(response)
  File "C:\Users\Aryan\Desktop\kissanSathi\kisan-voice-bot\.venv\Lib\site-packages\google\genai\errors.py", line 203, in raise_for_async_response
    await cls.raise_error_async(status_code, response_json, response)
  File "C:\Users\Aryan\Desktop\kissanSathi\kisan-voice-bot\.venv\Lib\site-packages\google\genai\errors.py", line 227, in raise_error_async
    raise ServerError(status_code, response_json, response)
google.genai.errors.ServerError: 503 UNAVAILABLE. {'error': {'code': 503, 'message': 'The model is overloaded. Please try again later.', 'status': 'UNAVAILABLE'}}

During handling of the above exception, another exception occurred:

Traceback (most recent call last):
  File "C:\Users\Aryan\Desktop\kissanSathi\kisan-voice-bot\app\routers\telegram.py", line 126, in process_update_async
    raw_response = await get_gemini_response(user_text, detected_lang)
                   ^^^^^^^^^^^^^^^^^^^^^^^^^^^^^^^^^^^^^^^^^^^^^^^^^^^
  File "C:\Users\Aryan\Desktop\kissanSathi\kisan-voice-bot\app\services\gemini_llm.py", line 90, in get_gemini_response
    raise Exception(f"Gemini Error: {str(e)}")
Exception: Gemini Error: 503 UNAVAILABLE. {'error': {'code': 503, 'message': 'The model is overloaded. Please try again later.', 'status': 'UNAVAILABLE'}}

[2026-01-16 13:54:05] Telegram update: id=693321822
[2026-01-16 13:54:05] ======================================================================
[2026-01-16 13:54:05] NEW VOICE MESSAGE from Aryan (chat: 6656158175)
[2026-01-16 13:54:05] ======================================================================
[2026-01-16 13:54:06] [STEP 1/5] Downloading audio...
[2026-01-16 13:54:10]            Done in 3.2s
[2026-01-16 13:54:10] [STEP 2/5] Transcribing with Whisper...
[2026-01-16 13:54:42] ----------------------------------------------------------------------
[2026-01-16 13:54:42] TRANSCRIPTION (32.0s)
[2026-01-16 13:54:42]   Language: hi
[2026-01-16 13:54:42]   Text: ज़रा बताओ मैं कौन सी भाशका मैं बोल रहा हूं और कौन सा फर्टिलाजर दालूक आने के ले सही रहा गा और मैं भिहार भे रहा तो क्या मेरी मिट्टी दालूक आने के ले सही है भी कि नहीं
[2026-01-16 13:54:42] ----------------------------------------------------------------------
[2026-01-16 13:54:42] [STEP 3/5] Getting Gemini response...
[2026-01-16 13:54:42] Telegram update: id=693321822
[2026-01-16 13:54:42] [WARN] Duplicate: 693321822
[2026-01-16 13:54:42] Telegram update: id=693321822
[2026-01-16 13:54:42] [WARN] Duplicate: 693321822
[2026-01-16 13:54:42] Telegram update: id=693321822
[2026-01-16 13:54:42] [WARN] Duplicate: 693321822
[2026-01-16 13:54:43] Telegram update: id=693321822
[2026-01-16 13:54:43] [WARN] Duplicate: 693321822
[2026-01-16 13:54:47]            Gemini response received in 5.0s
[2026-01-16 13:54:47] ----------------------------------------------------------------------
[2026-01-16 13:54:47] GEMINI RESPONSE (5.0s)
[2026-01-16 13:54:47]   Aap Hinglish mein baat kar rahe ho, jismein Hindi aur English dono mix hain.

Daal ki kheti ke liye DAP aur Potash (MOP) bahut zaroori hote hain, saath mein thoda sulfur aur zinc bhi daal sakte ho. Bihar mein daal ki kheti kafi hoti hai, toh aapki mitti bhi suitable ho sakti hai.

Lekin, best results ke liye, apni khet ki mitti ki jaanch (soil test) zaroor karwa lo. Usse pata chalega ki aapko exactly kitna aur kaunsa khaad chahiye.
[2026-01-16 13:54:47] ----------------------------------------------------------------------
[2026-01-16 13:54:47] [STEP 4/5] Preparing text for TTS...
[2026-01-16 13:54:47]            TTS: Already ASCII, no change needed (0.0s)
[2026-01-16 13:54:47] ----------------------------------------------------------------------
[2026-01-16 13:54:47] TTS PREP (0.0s)
[2026-01-16 13:54:47]   Romanized: NO
[2026-01-16 13:54:47]   Text: Aap Hinglish mein baat kar rahe ho, jismein Hindi aur English dono mix hain.

Daal ki kheti ke liye DAP aur Potash (MOP) bahut zaroori hote hain, saath mein thoda sulfur aur zinc bhi daal sakte ho. Bihar mein daal ki kheti kafi hoti hai, toh aapki mitti bhi suitable ho sakti hai.

Lekin, best results ke liye, apni khet ki mitti ki jaanch (soil test) zaroor karwa lo. Usse pata chalega ki aapko exactly kitna aur kaunsa khaad chahiye.
[2026-01-16 13:54:47] ----------------------------------------------------------------------
[2026-01-16 13:54:47] [STEP 5/5] Generating audio with ElevenLabs...
[2026-01-16 13:54:47]            ElevenLabs: Generating (435 chars)...
[2026-01-16 13:54:53]            ElevenLabs: Done (475263 bytes, 6.3s)
[2026-01-16 13:54:53]            Done in 6.3s
[2026-01-16 13:54:53] Sending voice to Telegram...
[2026-01-16 13:55:06] [SUCCESS] Voice sent to Aryan
[2026-01-16 13:55:06] ======================================================================
[2026-01-16 13:55:06] COMPLETED in 61.4s total
[2026-01-16 13:55:06]   Step 1 (Download):      3.2s
[2026-01-16 13:55:06]   Step 2 (Transcribe):    32.0s
[2026-01-16 13:55:06]   Step 3 (Gemini):        5.0s
[2026-01-16 13:55:06]   Step 4 (TTS Prep):      0.0s
[2026-01-16 13:55:06]   Step 5 (ElevenLabs):    6.3s
[2026-01-16 13:55:06]   Send to Telegram:       13.4s
[2026-01-16 13:55:06] ======================================================================
[2026-01-16 13:57:19] Telegram update: id=693321823
[2026-01-16 13:57:19] ======================================================================
[2026-01-16 13:57:19] NEW VOICE MESSAGE from Aryan (chat: 6656158175)
[2026-01-16 13:57:19] ======================================================================
[2026-01-16 13:57:21] [STEP 1/5] Downloading audio...
[2026-01-16 13:57:23]            Done in 1.6s
[2026-01-16 13:57:23] [STEP 2/5] Transcribing with Whisper...
[2026-01-16 13:57:50] ----------------------------------------------------------------------
[2026-01-16 13:57:50] TRANSCRIPTION (27.1s)
[2026-01-16 13:57:50]   Language: hi
[2026-01-16 13:57:50]   Text: अपने इससे पहले डाल उगाई थी तो अगर मैं अपने खेड में गेहू उगाना चाता हूँ तो मुझे कौन सा फाटिलाजर डालना चाही है और क्या भिहार की मिट्टी गेहू के लिए थीक हैं।
[2026-01-16 13:57:50] ----------------------------------------------------------------------
[2026-01-16 13:57:50] [STEP 3/5] Getting Gemini response...
[2026-01-16 13:57:55]            Gemini response received in 4.6s
[2026-01-16 13:57:55] ----------------------------------------------------------------------
[2026-01-16 13:57:55] GEMINI RESPONSE (4.6s)
[2026-01-16 13:57:55]   देखो, दाल उगाने के बाद खेत में नाइट्रोजन थोड़ा ज्यादा होता है, तो आप DAP (डाई-अमोनियम फॉस्फेट) डाल सकते हो। साथ में थोड़ा यूरिया और पोटाश (MOP) भी डालना, इससे गेहूँ की उपज बहुत अच्छी होगी।

और हाँ, बिहार की मिट्टी गेहूँ के लिए बिल्कुल सही है, यहाँ के किसान खूब गेहूँ उगाते हैं और अच्छी पैदावार लेते हैं!
[2026-01-16 13:57:55] ----------------------------------------------------------------------
[2026-01-16 13:57:55] [STEP 4/5] Preparing text for TTS...
[2026-01-16 13:57:55]            TTS: Devanagari (hi), ElevenLabs handles it (0.0s)
[2026-01-16 13:57:55] ----------------------------------------------------------------------
[2026-01-16 13:57:55] TTS PREP (0.0s)
[2026-01-16 13:57:55]   Romanized: NO
[2026-01-16 13:57:55]   Text: देखो, दाल उगाने के बाद खेत में नाइट्रोजन थोड़ा ज्यादा होता है, तो आप DAP (डाई-अमोनियम फॉस्फेट) डाल सकते हो। साथ में थोड़ा यूरिया और पोटाश (MOP) भी डालना, इससे गेहूँ की उपज बहुत अच्छी होगी।

और हाँ, बिहार की मिट्टी गेहूँ के लिए बिल्कुल सही है, यहाँ के किसान खूब गेहूँ उगाते हैं और अच्छी पैदावार लेते हैं!
[2026-01-16 13:57:55] ----------------------------------------------------------------------
[2026-01-16 13:57:55] [STEP 5/5] Generating audio with ElevenLabs...
[2026-01-16 13:57:55]            ElevenLabs: Generating (301 chars)...
[2026-01-16 13:58:00]            ElevenLabs: Done (377879 bytes, 5.3s)
[2026-01-16 13:58:00]            Done in 5.3s
[2026-01-16 13:58:00] Sending voice to Telegram...
[2026-01-16 13:58:20] [SUCCESS] Voice sent to Aryan
[2026-01-16 13:58:20] ======================================================================
[2026-01-16 13:58:20] COMPLETED in 60.9s total
[2026-01-16 13:58:20]   Step 1 (Download):      1.6s
[2026-01-16 13:58:20]   Step 2 (Transcribe):    27.1s
[2026-01-16 13:58:20]   Step 3 (Gemini):        4.6s
[2026-01-16 13:58:20]   Step 4 (TTS Prep):      0.0s
[2026-01-16 13:58:20]   Step 5 (ElevenLabs):    5.3s
[2026-01-16 13:58:20]   Send to Telegram:       20.1s
[2026-01-16 13:58:20] ======================================================================
[2026-01-16 15:31:13] Telegram update: id=693321824
[2026-01-16 15:31:13] ======================================================================
[2026-01-16 15:31:13] NEW VOICE MESSAGE from Aryan (chat: 6656158175)
[2026-01-16 15:31:13] ======================================================================
[2026-01-16 15:31:15] [STEP 1/5] Downloading audio...
[2026-01-16 15:31:16]            Done in 0.8s
[2026-01-16 15:31:16] [STEP 2/5] Transcribing with Whisper...
[2026-01-16 15:31:52] ----------------------------------------------------------------------
[2026-01-16 15:31:52] TRANSCRIPTION (35.9s)
[2026-01-16 15:31:52]   Language: hi
[2026-01-16 15:31:52]   Text: अब दी में मेरी आवास पचान सकते हैं?
[2026-01-16 15:31:52] ----------------------------------------------------------------------
[2026-01-16 15:31:52] [STEP 3/5] Getting Gemini response...
[2026-01-16 15:31:57]            Gemini response received in 4.7s
[2026-01-16 15:31:57] ----------------------------------------------------------------------
[2026-01-16 15:31:57] GEMINI RESPONSE (4.7s)
[2026-01-16 15:31:57]   Arre bhaiya, main toh AI hoon, aapka ghar ya zameen kaise pehchan paunga? Meri paas aankhein thodi na hain! Agar aapko kheti-baari se judi koi madad chahiye, toh zaroor poocho.
[2026-01-16 15:31:57] ----------------------------------------------------------------------
[2026-01-16 15:31:57] [STEP 4/5] Preparing text for TTS...
[2026-01-16 15:31:57]            TTS: Already ASCII, no change needed (0.0s)
[2026-01-16 15:31:57] ----------------------------------------------------------------------
[2026-01-16 15:31:57] TTS PREP (0.0s)
[2026-01-16 15:31:57]   Romanized: NO
[2026-01-16 15:31:57]   Text: Arre bhaiya, main toh AI hoon, aapka ghar ya zameen kaise pehchan paunga? Meri paas aankhein thodi na hain! Agar aapko kheti-baari se judi koi madad chahiye, toh zaroor poocho.
[2026-01-16 15:31:57] ----------------------------------------------------------------------
[2026-01-16 15:31:57] [STEP 5/5] Generating audio with ElevenLabs...
[2026-01-16 15:31:57]            ElevenLabs: Generating (176 chars)...
[2026-01-16 15:32:02]            ElevenLabs: Done (171825 bytes, 5.3s)
[2026-01-16 15:32:02]            Done in 5.3s
[2026-01-16 15:32:02] Sending voice to Telegram...
[2026-01-16 15:32:09] [SUCCESS] Voice sent to Aryan
[2026-01-16 15:32:09] ======================================================================
[2026-01-16 15:32:09] COMPLETED in 55.4s total
[2026-01-16 15:32:09]   Step 1 (Download):      0.8s
[2026-01-16 15:32:09]   Step 2 (Transcribe):    35.9s
[2026-01-16 15:32:09]   Step 3 (Gemini):        4.7s
[2026-01-16 15:32:09]   Step 4 (TTS Prep):      0.0s
[2026-01-16 15:32:09]   Step 5 (ElevenLabs):    5.3s
[2026-01-16 15:32:09]   Send to Telegram:       6.9s
[2026-01-16 15:32:09] ======================================================================
[2026-01-16 15:46:03]            Gemini response received in 1.9s
[2026-01-16 15:46:03]            TTS: Romanizing ar for TTS...
[2026-01-16 15:46:23]            TTS: Romanization done (90% ASCII) in 19.7s
[2026-01-16 15:46:23]            ElevenLabs: Generating (131 chars)...
[2026-01-16 15:46:25]            ElevenLabs: Done (161376 bytes, 2.2s)
[2026-01-16 15:50:01]            Gemini response received in 1.9s
[2026-01-16 15:50:01]            TTS: Devanagari (hi), ElevenLabs handles it (0.0s)
[2026-01-16 15:50:01]            ElevenLabs: Generating (172 chars)...
[2026-01-16 15:50:04]            ElevenLabs: Done (211531 bytes, 2.8s)
[2026-01-16 15:51:01]            Gemini response received in 2.6s
[2026-01-16 15:51:01]            TTS: Devanagari (hi), ElevenLabs handles it (0.0s)
[2026-01-16 15:51:01]            ElevenLabs: Generating (180 chars)...
[2026-01-16 15:51:04]            ElevenLabs: Done (230757 bytes, 3.2s)
[2026-01-16 15:52:13]            Gemini response received in 2.1s
[2026-01-16 15:52:13]            TTS: Devanagari (hi), ElevenLabs handles it (0.0s)
[2026-01-16 15:52:13]            ElevenLabs: Generating (61 chars)...
[2026-01-16 15:52:14]            ElevenLabs: Done (71515 bytes, 1.6s)
[2026-01-16 15:53:33]            Gemini response received in 6.2s
[2026-01-16 15:53:33]            TTS: Devanagari (hi), ElevenLabs handles it (0.0s)
[2026-01-16 15:53:33]            ElevenLabs: Generating (216 chars)...
[2026-01-16 15:53:37]            ElevenLabs: Done (249983 bytes, 4.0s)
[2026-01-16 15:59:41]            Gemini response received in 1.9s
[2026-01-16 15:59:41]            TTS: Romanizing ar for TTS...
[2026-01-16 15:59:43]            TTS: Romanization done (100% ASCII) in 1.9s
[2026-01-16 15:59:43]            ElevenLabs: Generating (166 chars)...
[2026-01-16 15:59:45]            ElevenLabs: Done (169735 bytes, 2.3s)
[2026-01-16 16:06:49]            Gemini response received in 2.4s
[2026-01-16 16:06:49]            TTS: Already ASCII, no change needed (0.0s)
[2026-01-16 16:06:49]            ElevenLabs: Generating (87 chars)...
[2026-01-16 16:06:51]            ElevenLabs: Done (71515 bytes, 1.6s)
[2026-01-16 16:07:34]            Gemini response received in 2.1s
[2026-01-16 16:07:34]            TTS: Devanagari (hi), ElevenLabs handles it (0.0s)
[2026-01-16 16:07:34]            ElevenLabs: Generating (72 chars)...
[2026-01-16 16:07:36]            ElevenLabs: Done (102862 bytes, 1.8s)
[2026-01-16 16:08:51]            Gemini response received in 4.3s
[2026-01-16 16:08:51]            TTS: Romanizing ur for TTS...
[2026-01-16 16:08:56]            TTS: Romanization done (100% ASCII) in 4.6s
[2026-01-16 16:08:56]            ElevenLabs: Generating (264 chars)...
[2026-01-16 16:08:59]            ElevenLabs: Done (244968 bytes, 3.3s)
[2026-01-16 16:14:35] ======================================================================
[2026-01-16 16:14:35] V2 VOICE PROCESSING - blob
[2026-01-16 16:14:35] ======================================================================
[2026-01-16 16:14:35] [STEP 1/4] Transcribing with Gemini STT...
[2026-01-16 16:14:39]            Gemini STT: Transcribed in 4.5s (lang: hi)
[2026-01-16 16:14:39] ----------------------------------------------------------------------
[2026-01-16 16:14:39] TRANSCRIPTION (4.5s)
[2026-01-16 16:14:39]   Language: hi
[2026-01-16 16:14:39]   Text: हेलो भाई क्या हाल है यार मुझे पॉपकॉर्न बनाने हैं तो मुझे कौन सी फसल उगानी चाहिए
[2026-01-16 16:14:39] ----------------------------------------------------------------------
[2026-01-16 16:14:39] [STEP 2/4] Getting Gemini response...
[2026-01-16 16:14:42]            Gemini response received in 2.9s
[2026-01-16 16:14:42] ----------------------------------------------------------------------
[2026-01-16 16:14:42] GEMINI RESPONSE (2.9s)
[2026-01-16 16:14:42]   हेलो भाई! बढ़िया, तुम बताओ!

पॉपकॉर्न बनाने के लिए तुम्हें स्पेशल **पॉपकॉर्न मक्का (maize)** उगाना होगा। ये नॉर्मल भुट्टे वाले मक्के से अलग होता है, तो बीज खरीदते समय ध्यान रखना कि वो पॉपकॉर्न वाली वैरायटी हो।
[2026-01-16 16:14:42] ----------------------------------------------------------------------
[2026-01-16 16:14:42] [STEP 3/4] Optimizing for TTS...
[2026-01-16 16:14:42]            TTS: Devanagari (hi), ElevenLabs handles it (0.0s)
[2026-01-16 16:14:42] ----------------------------------------------------------------------
[2026-01-16 16:14:42] TTS PREP (0.0s)
[2026-01-16 16:14:42]   Romanized: NO
[2026-01-16 16:14:42]   Text: हेलो भाई! बढ़िया, तुम बताओ!

पॉपकॉर्न बनाने के लिए तुम्हें स्पेशल **पॉपकॉर्न मक्का (maize)** उगाना होगा। ये नॉर्मल भुट्टे वाले मक्के से अलग होता है, तो बीज खरीदते समय ध्यान रखना कि वो पॉपकॉर्न वाली वैरायटी हो।
[2026-01-16 16:14:42] ----------------------------------------------------------------------
[2026-01-16 16:14:42] [STEP 4/4] Generating speech with ElevenLabs...
[2026-01-16 16:14:42]            ElevenLabs: Generating (208 chars)...
[2026-01-16 16:14:46]            ElevenLabs: Done (226995 bytes, 3.4s)
[2026-01-16 16:14:46]            Done in 3.4s
[2026-01-16 16:14:46] ======================================================================
[2026-01-16 16:14:46] V2 COMPLETED in 10.7s
[2026-01-16 16:14:46]   Step 1 (Gemini STT):    4.5s
[2026-01-16 16:14:46]   Step 2 (Gemini LLM):    2.9s
[2026-01-16 16:14:46]   Step 3 (TTS Prep):      0.0s
[2026-01-16 16:14:46]   Step 4 (ElevenLabs):    3.4s
[2026-01-16 16:14:46] ======================================================================
[2026-01-16 16:17:58] ======================================================================
[2026-01-16 16:17:58] V2 VOICE PROCESSING - blob
[2026-01-16 16:17:58] ======================================================================
[2026-01-16 16:17:58] [STEP 1/4] Transcribing with Gemini STT...
[2026-01-16 16:18:04]            Gemini STT: Transcribed in 6.1s (lang: hi)
[2026-01-16 16:18:04] ----------------------------------------------------------------------
[2026-01-16 16:18:04] TRANSCRIPTION (6.1s)
[2026-01-16 16:18:04]   Language: hi
[2026-01-16 16:18:04]   Text: देखो तब लोग। ये गरीब हल्क आज न्यू ईयर के दिन भी अपना खटारा रिक्शा चला रहा है। अरे गरीब, हमसे दूर हट रे। कहीं तेरे खटारा रिक्शा की वजह से हमारी न्यू बाइक गंदी ना हो जाए। अरे रे, ये सरपंच की दोनों लड़की मेरा बहुत मजाक उठाती है। देखना एक दिन मैं तुम्हें काट लूंगा रे। अरे मैनेजर साहब, ये कार कितने की है रे? अरे गरीब ये टेस्ला कार है टेस्ला। तेरी औकात नहीं है इसमें बैठने की।
[2026-01-16 16:18:04] ----------------------------------------------------------------------
[2026-01-16 16:18:04] [STEP 2/4] Getting Gemini response...
[2026-01-16 16:18:12]            Gemini response received in 8.1s
[2026-01-16 16:18:12] ----------------------------------------------------------------------
[2026-01-16 16:18:12] GEMINI RESPONSE (8.1s)
[2026-01-16 16:18:12]   Aise din toh aate-jaate rehte hain bhai. Humare kisaan bhai bhi bohot mushkilon se ladte hain. Bas apni mehnat par bharosa rakho, aage badho, sab acha hoga!
[2026-01-16 16:18:12] ----------------------------------------------------------------------
[2026-01-16 16:18:12] [STEP 3/4] Optimizing for TTS...
[2026-01-16 16:18:12]            TTS: Already ASCII, no change needed (0.0s)
[2026-01-16 16:18:12] ----------------------------------------------------------------------
[2026-01-16 16:18:12] TTS PREP (0.0s)
[2026-01-16 16:18:12]   Romanized: NO
[2026-01-16 16:18:12]   Text: Aise din toh aate-jaate rehte hain bhai. Humare kisaan bhai bhi bohot mushkilon se ladte hain. Bas apni mehnat par bharosa rakho, aage badho, sab acha hoga!
[2026-01-16 16:18:12] ----------------------------------------------------------------------
[2026-01-16 16:18:12] [STEP 4/4] Generating speech with ElevenLabs...
[2026-01-16 16:18:12]            ElevenLabs: Generating (156 chars)...
[2026-01-16 16:18:14]            ElevenLabs: Done (153435 bytes, 2.2s)
[2026-01-16 16:18:14]            Done in 2.2s
[2026-01-16 16:18:14] ======================================================================
[2026-01-16 16:18:14] V2 COMPLETED in 16.5s
[2026-01-16 16:18:14]   Step 1 (Gemini STT):    6.1s
[2026-01-16 16:18:14]   Step 2 (Gemini LLM):    8.1s
[2026-01-16 16:18:14]   Step 3 (TTS Prep):      0.0s
[2026-01-16 16:18:14]   Step 4 (ElevenLabs):    2.2s
[2026-01-16 16:18:14] ======================================================================
